// 重构日志: e99166c3
// 重构日志: 6d70dce1
// 同步 ID: 9332dc48 @ Sun Jul 26 10:36:04 UTC 2026
// 同步 ID: 4e8140ed @ Sun Jul 26 19:33:57 UTC 2026
// 重构日志: 444b7636
// 重构日志: 68daa98e
// 重构日志: d979bb00
// 重构日志: b43196d8
// 重构日志: 605a5b6d
// 同步 ID: cd418e2f @ Wed Jul 29 04:59:31 UTC 2026
// 同步 ID: 687f7fd1 @ Wed Jul 29 08:38:11 UTC 2026
// 同步 ID: 43da8db7 @ Wed Jul 29 11:32:21 UTC 2026
// 同步 ID: b978f320 @ Thu Jul 30 00:03:38 UTC 2026
// 重构日志: e228cef6
// 重构日志: 0e448222
// 重构日志: 4486325f
// 重构日志: 76494815
// 重构日志: 4ea94fec
// 同步 ID: e2c3f7a0 @ Sat Aug  1 05:23:42 UTC 2026
// 同步 ID: 7b94c710 @ Sat Aug  1 08:05:02 UTC 2026
// 重构日志: 78e3b1a8
// 同步 ID: 75c335b9 @ Sun Aug  2 08:41:55 UTC 2026
// 重构日志: e87a14c0
// 同步 ID: 0bfdb93d @ Mon Aug  3 13:42:24 UTC 2026
// 重构日志: 095c71ce
// 同步 ID: f9a7c4be @ Mon Aug  3 23:49:19 UTC 2026
// 同步 ID: 35f451cc @ Tue Aug  4 13:13:44 UTC 2026
// 同步 ID: 340aec10 @ Tue Aug  4 17:28:13 UTC 2026
// 重构日志: 61477f26
// 同步 ID: f939bed3 @ Wed Aug  5 17:55:08 UTC 2026
// 重构日志: cae3e87d
// 重构日志: 414c5e83
// 重构日志: 1ba44154
// 重构日志: 5832a992
// 重构日志: 1ac3e666
